../Core/Src/main.c:89:5:main	160	static
../Core/Src/main.c:183:6:SystemClock_Config	88	static
../Core/Src/main.c:225:13:MX_TIM1_Init	96	static
../Core/Src/main.c:299:13:MX_TIM2_Init	56	static
../Core/Src/main.c:348:13:MX_TIM3_Init	56	static
../Core/Src/main.c:397:13:MX_TIM8_Init	96	static
../Core/Src/main.c:476:13:MX_USART3_UART_Init	8	static
../Core/Src/main.c:509:13:MX_GPIO_Init	48	static
../Core/Src/main.c:545:6:HAL_UART_RxCpltCallback	16	static
../Core/Src/main.c:561:6:StartDefaultTask	24	static
../Core/Src/main.c:587:6:show	48	static
../Core/Src/main.c:603:6:stopMotor	4	static
../Core/Src/main.c:609:6:moveForward	8	static
../Core/Src/main.c:623:6:moveReverse	8	static
../Core/Src/main.c:644:6:motor	24	static
../Core/Src/main.c:717:6:encoderMotorA	56	static
../Core/Src/main.c:766:6:encoderMotorB	56	static
../Core/Src/main.c:811:6:Error_Handler	4	static,ignoring_inline_asm
